// Jest Snapshot v1, https://goo.gl/fbAQLP

exports[`shoulder render ExpenseListItem with expenses 1`] = `
<div>
  <[object Object]
    to="/edit/1"
  >
    <h3>
      Gum
    </h3>
  </[object Object]>
  <p>
    $1.97
     -
     
    December 31st, 1969
  </p>
</div>
`;
