// Jest Snapshot v1, https://goo.gl/fbAQLP

exports[`should correctly render ExpensesSummary with 1 expense 1`] = `
<div
  className="page-header"
>
  <div
    className="content-container"
  >
    <h1
      className="page-header__title"
    >
      Viewing 
      <span>
        1
      </span>
       
      expense
       totaling
       
      <span>
        $2.35
      </span>
    </h1>
    <div
      className="page-header__actions"
    >
      <[object Object]
        className="button"
        to="/create"
      >
        Add Expense
      </[object Object]>
    </div>
  </div>
</div>
`;

exports[`should correctly render ExpensesSummary with multiple expenses 1`] = `
<div
  className="page-header"
>
  <div
    className="content-container"
  >
    <h1
      className="page-header__title"
    >
      Viewing 
      <span>
        23
      </span>
       
      expenses
       totaling
       
      <span>
        $2,352,323.23
      </span>
    </h1>
    <div
      className="page-header__actions"
    >
      <[object Object]
        className="button"
        to="/create"
      >
        Add Expense
      </[object Object]>
    </div>
  </div>
</div>
`;
